// Jest Snapshot v1, https://goo.gl/fbAQLP

exports[`AppView should render correctly 1`] = `
<div
  className="App"
>
  <TabsView />
</div>
`;
